
allele          N  fake_best     true      gap   selected lambdas
------------------------------------------------------------------------------
B5701          59     0.6377   0.6331   0.0046   [0.1,0.1,0.1,1.0,1.0]
A3002          92     0.4987   0.3531   0.1456   [10.0,0.03,0.1,1.0,1.0]
A2301         104     0.6202   0.5658   0.0544   [0.003,0.3,1.0,0.03,0.003]
B4501         114     0.7683   0.7437   0.0246   [0.3,0.3,1.0,0.1,0.03]
B1801         118     0.7406   0.6512   0.0894   [0.03,0.3,0.3,1.0,0.3]
B4002         118     0.7030   0.6609   0.0421   [1.0,1.0,0.1,1.0,0.1]
B4402         119     0.6721   0.6157   0.0565   [1.0,0.1,1.0,3.0,3.0]
B4403         119     0.7765   0.7570   0.0194   [0.3,0.3,1.0,0.3,0.3]
A2902         160     0.7486   0.7409   0.0077   [3.0,3.0,3.0,1.0,3.0]
A2402         197     0.6201   0.5889   0.0312   [3.0,3.0,3.0,3.0,10.0]
B5101         244     0.7178   0.7178   0.0000   [10.0,10.0,10.0,10.0,10.0]
A2403         254     0.5482   0.5095   0.0387   [10.0,10.0,3.0,10.0,10.0]
B5301         254     0.7552   0.7479   0.0072   [3.0,1.0,3.0,3.0,3.0]
B5401         255     0.7364   0.7364   0.0000   [3.0,3.0,3.0,3.0,3.0]
A3001         669     0.6918   0.6832   0.0086   [10.0,10.0,10.0,30.0,10.0]
A2601         672     0.5813   0.5627   0.0186   [10.0,10.0,30.0,10.0,30.0]
B0801         708     0.4515   0.4363   0.0153   [10.0,30.0,10.0,10.0,10.0]
B3501         736     0.6417   0.6360   0.0057   [3.0,10.0,10.0,10.0,10.0]
A6901         833     0.4871   0.4746   0.0125   [10.0,10.0,3.0,3.0,10.0]
B2705         969     0.6714   0.6714   0.0000   [10.0,10.0,10.0,10.0,10.0]
B1501         978     0.7137   0.7087   0.0049   [10.0,3.0,10.0,10.0,10.0]
B5801         988     0.6961   0.6961   0.0000   [3.0,3.0,3.0,3.0,3.0]
B4001        1078     0.5368   0.5314   0.0053   [10.0,3.0,10.0,10.0,10.0]
A3301        1140     0.6772   0.6772   0.0000   [3.0,3.0,3.0,3.0,3.0]
A6801        1141     0.7497   0.7477   0.0019   [1.0,3.0,3.0,3.0,3.0]
A0101        1157     0.6584   0.6523   0.0061   [30.0,30.0,10.0,10.0,30.0]
B0702        1262     0.7764   0.7764   0.0000   [30.0,30.0,30.0,30.0,30.0]
A6802        1434     0.7276   0.7276   0.0000   [3.0,3.0,3.0,3.0,3.0]
A0206        1437     0.7701   0.7696   0.0005   [0.3,1.0,1.0,1.0,1.0]
A0203        1443     0.7823   0.7807   0.0015   [3.0,1.0,1.0,3.0,3.0]
A0202        1447     0.7578   0.7578   0.0000   [3.0,3.0,3.0,3.0,3.0]
A3101        1869     0.7503   0.7490   0.0013   [3.0,3.0,10.0,10.0,10.0]
A1101        1985     0.7862   0.7854   0.0009   [3.0,3.0,3.0,3.0,10.0]
A0301        2094     0.7316   0.7309   0.0006   [3.0,10.0,3.0,10.0,10.0]
A0201        3089     0.7948   0.7948   0.0000   [10.0,10.0,10.0,10.0,10.0]
------------------------------------------------------------------------------
mean optimism (fake_best - true) over 35 alleles: +0.0173

------------------------------------------------------------
Sender: LSF System <lsfadmin@hpc.dtu.dk>
Subject: Job 28721577: <run_smm_cv> in cluster <dcc> Done

Job <run_smm_cv> was submitted from host <n-62-30-1> by user <s211930> in cluster <dcc> at Mon Jun 22 13:51:24 2026
Job was executed on host(s) <4*n-62-28-31>, in queue <hpc>, as user <s211930> in cluster <dcc> at Mon Jun 22 13:51:25 2026
</zhome/8c/6/163231> was used as the home directory.
</zhome/8c/6/163231/Algorithms_in_bioinformatics_project> was used as the working directory.
Started at Mon Jun 22 13:51:25 2026
Terminated at Mon Jun 22 15:42:57 2026
Results reported at Mon Jun 22 15:42:57 2026

Your job looked like:

------------------------------------------------------------
# LSBATCH: User input
#!/bin/bash
#BSUB -J run_smm_cv
#BSUB -q hpc
#BSUB -n 4
#BSUB -R "span[hosts=1]"
#BSUB -R "rusage[mem=8GB]"
#BSUB -M 8GB
#BSUB -W 04:00
#BSUB -o hpc/fred_false_cv_smm_%J.out
#BSUB -e hpc/fred_false_cv_smm_%J.err

# Change this to the directory where you copied the repo on DTU HPC.
cd /zhome/8c/6/163231/Algorithms_in_bioinformatics_project

module load python3/3.10.13

python3 run_cv.py --data_dir Data --alleles all \
        --lambdas 0.001,0.003,0.01,0.03,0.1,0.3,1,3,10,30 \
        --epsilons 0.01,0.05,0.1 --epochs 200 --jobs 4

------------------------------------------------------------

Successfully completed.

Resource usage summary:

    CPU time :                                   25704.19 sec.
    Max Memory :                                 139 MB
    Average Memory :                             121.98 MB
    Total Requested Memory :                     32768.00 MB
    Delta Memory :                               32629.00 MB
    Max Swap :                                   -
    Max Processes :                              8
    Max Threads :                                12
    Run time :                                   6692 sec.
    Turnaround time :                            6693 sec.

The output (if any) is above this job summary.



PS:

Read file <hpc/fred_false_cv_smm_28721577.err> for stderr output of this job.

